// Jest Snapshot v1, https://goo.gl/fbAQLP

exports[`should render correctly 1`] = `
<Fragment>
  <div
    className="subtitle"
  >
    Text
  </div>
  <SelectControl
    id="font-substitue"
    label="Substitute Unsupported Characters"
    onChange={[Function]}
    options={
      [
        {
          "label": "On",
          "selected": true,
          "value": "TRUE",
        },
        {
          "label": "Off",
          "selected": false,
          "value": "FALSE",
        },
      ]
    }
    url="https://support.flux3dp.com/hc/en-us/articles/360004496575"
  />
</Fragment>
`;
