// Jest Snapshot v1, https://goo.gl/fbAQLP

exports[`test FillSettingModal should render correctly 1`] = `
<body>
  <div />
  <div>
    <div
      class="ant-modal-root css-dev-only-do-not-override-hash"
    >
      <div
        class="ant-modal-mask"
      />
      <div
        class="ant-modal-wrap ant-modal-centered"
        tabindex="-1"
      >
        <div
          aria-labelledby="test-id"
          aria-modal="true"
          class="ant-modal css-dev-only-do-not-override-hash ant-zoom-appear ant-zoom-appear-prepare ant-zoom"
          role="dialog"
          style="width: 350px;"
        >
          <div
            aria-hidden="true"
            style="width: 0px; height: 0px; overflow: hidden; outline: none;"
            tabindex="0"
          />
          <div
            class="ant-modal-content"
          >
            <button
              aria-label="Close"
              class="ant-modal-close"
              type="button"
            >
              <span
                class="ant-modal-close-x"
              >
                <span
                  aria-label="close"
                  class="anticon anticon-close ant-modal-close-icon"
                  role="img"
                >
                  <svg
                    aria-hidden="true"
                    data-icon="close"
                    fill="currentColor"
                    fill-rule="evenodd"
                    focusable="false"
                    height="1em"
                    viewBox="64 64 896 896"
                    width="1em"
                  >
                    <path
                      d="M799.86 166.31c.02 0 .04.02.08.06l57.69 57.7c.04.03.05.05.06.08a.12.12 0 010 .06c0 .03-.02.05-.06.09L569.93 512l287.7 287.7c.04.04.05.06.06.09a.12.12 0 010 .07c0 .02-.02.04-.06.08l-57.7 57.69c-.03.04-.05.05-.07.06a.12.12 0 01-.07 0c-.03 0-.05-.02-.09-.06L512 569.93l-287.7 287.7c-.04.04-.06.05-.09.06a.12.12 0 01-.07 0c-.02 0-.04-.02-.08-.06l-57.69-57.7c-.04-.03-.05-.05-.06-.07a.12.12 0 010-.07c0-.03.02-.05.06-.09L454.07 512l-287.7-287.7c-.04-.04-.05-.06-.06-.09a.12.12 0 010-.07c0-.02.02-.04.06-.08l57.7-57.69c.03-.04.05-.05.07-.06a.12.12 0 01.07 0c.03 0 .05.02.09.06L512 454.07l287.7-287.7c.04-.04.06-.05.09-.06a.12.12 0 01.07 0z"
                    />
                  </svg>
                </span>
              </span>
            </button>
            <div
              class="ant-modal-header"
            >
              <div
                class="ant-modal-title"
                id="test-id"
              >
                <div>
                  Fill Setting
                  <span
                    aria-label="question-circle"
                    class="anticon anticon-question-circle hint"
                    role="img"
                  >
                    <svg
                      aria-hidden="true"
                      data-icon="question-circle"
                      fill="currentColor"
                      focusable="false"
                      height="1em"
                      viewBox="64 64 896 896"
                      width="1em"
                    >
                      <path
                        d="M512 64C264.6 64 64 264.6 64 512s200.6 448 448 448 448-200.6 448-448S759.4 64 512 64zm0 820c-205.4 0-372-166.6-372-372s166.6-372 372-372 372 166.6 372 372-166.6 372-372 372z"
                      />
                      <path
                        d="M623.6 316.7C593.6 290.4 554 276 512 276s-81.6 14.5-111.6 40.7C369.2 344 352 380.7 352 420v7.6c0 4.4 3.6 8 8 8h48c4.4 0 8-3.6 8-8V420c0-44.1 43.1-80 96-80s96 35.9 96 80c0 31.1-22 59.6-56.1 72.7-21.2 8.1-39.2 22.3-52.1 40.9-13.1 19-19.9 41.8-19.9 64.9V620c0 4.4 3.6 8 8 8h48c4.4 0 8-3.6 8-8v-22.7a48.3 48.3 0 0130.9-44.8c59-22.7 97.1-74.7 97.1-132.5.1-39.3-17.1-76-48.3-103.3zM472 732a40 40 0 1080 0 40 40 0 10-80 0z"
                      />
                    </svg>
                  </span>
                </div>
              </div>
            </div>
            <div
              class="ant-modal-body"
            >
              <div
                class="container"
              >
                <div>
                  <span>
                    Fill Interval
                  </span>
                  <div>
                    MockUnitInput
                    <p>
                      min: 
                      0.001
                    </p>
                    <p>
                      max: 
                      100
                    </p>
                    <p>
                      unit: 
                      mm
                    </p>
                    <p>
                      defaultValue: 
                      0.1
                    </p>
                    <p>
                      decimal: 
                      3
                    </p>
                    <p>
                      displayMultiValue: 
                      N
                    </p>
                    <input
                      data-testid="fillInterval"
                      id="fillInterval"
                      type="number"
                      value="0.1"
                    />
                  </div>
                </div>
                <div>
                  <span>
                    Fill Angle
                  </span>
                  <div>
                    MockUnitInput
                    <p>
                      min: 
                      -360
                    </p>
                    <p>
                      max: 
                      360
                    </p>
                    <p>
                      unit: 
                      deg
                    </p>
                    <p>
                      defaultValue: 
                      0
                    </p>
                    <p>
                      decimal: 
                      1
                    </p>
                    <p>
                      displayMultiValue: 
                      N
                    </p>
                    <input
                      data-testid="fillAngle"
                      id="fillAngle"
                      type="number"
                      value="0"
                    />
                  </div>
                </div>
                <div>
                  <label
                    for="biDirectional"
                  >
                    Bi-directional
                  </label>
                  <button
                    aria-checked="true"
                    class="ant-switch css-dev-only-do-not-override-hash ant-switch-checked"
                    id="biDirectional"
                    role="switch"
                    type="button"
                  >
                    <div
                      class="ant-switch-handle"
                    />
                    <span
                      class="ant-switch-inner"
                    >
                      <span
                        class="ant-switch-inner-checked"
                      />
                      <span
                        class="ant-switch-inner-unchecked"
                      />
                    </span>
                  </button>
                </div>
                <div>
                  <label
                    for="crossHatch"
                  >
                    Cross hatch
                  </label>
                  <button
                    aria-checked="false"
                    class="ant-switch css-dev-only-do-not-override-hash"
                    id="crossHatch"
                    role="switch"
                    type="button"
                  >
                    <div
                      class="ant-switch-handle"
                    />
                    <span
                      class="ant-switch-inner"
                    >
                      <span
                        class="ant-switch-inner-checked"
                      />
                      <span
                        class="ant-switch-inner-unchecked"
                      />
                    </span>
                  </button>
                </div>
              </div>
            </div>
            <div
              class="ant-modal-footer"
            >
              <button
                class="ant-btn css-dev-only-do-not-override-hash ant-btn-default"
                type="button"
              >
                <span>
                  Cancel
                </span>
              </button>
              <button
                class="ant-btn css-dev-only-do-not-override-hash ant-btn-primary"
                type="button"
              >
                <span>
                  Save
                </span>
              </button>
            </div>
          </div>
          <div
            aria-hidden="true"
            style="width: 0px; height: 0px; overflow: hidden; outline: none;"
            tabindex="0"
          />
        </div>
      </div>
    </div>
  </div>
</body>
`;

exports[`test FillSettingModal should render correctly when unit is inch 1`] = `
<body>
  <div />
  <div>
    <div
      class="ant-modal-root css-dev-only-do-not-override-hash"
    >
      <div
        class="ant-modal-mask"
      />
      <div
        class="ant-modal-wrap ant-modal-centered"
        tabindex="-1"
      >
        <div
          aria-labelledby="test-id"
          aria-modal="true"
          class="ant-modal css-dev-only-do-not-override-hash ant-zoom-appear ant-zoom-appear-prepare ant-zoom"
          role="dialog"
          style="width: 350px;"
        >
          <div
            aria-hidden="true"
            style="width: 0px; height: 0px; overflow: hidden; outline: none;"
            tabindex="0"
          />
          <div
            class="ant-modal-content"
          >
            <button
              aria-label="Close"
              class="ant-modal-close"
              type="button"
            >
              <span
                class="ant-modal-close-x"
              >
                <span
                  aria-label="close"
                  class="anticon anticon-close ant-modal-close-icon"
                  role="img"
                >
                  <svg
                    aria-hidden="true"
                    data-icon="close"
                    fill="currentColor"
                    fill-rule="evenodd"
                    focusable="false"
                    height="1em"
                    viewBox="64 64 896 896"
                    width="1em"
                  >
                    <path
                      d="M799.86 166.31c.02 0 .04.02.08.06l57.69 57.7c.04.03.05.05.06.08a.12.12 0 010 .06c0 .03-.02.05-.06.09L569.93 512l287.7 287.7c.04.04.05.06.06.09a.12.12 0 010 .07c0 .02-.02.04-.06.08l-57.7 57.69c-.03.04-.05.05-.07.06a.12.12 0 01-.07 0c-.03 0-.05-.02-.09-.06L512 569.93l-287.7 287.7c-.04.04-.06.05-.09.06a.12.12 0 01-.07 0c-.02 0-.04-.02-.08-.06l-57.69-57.7c-.04-.03-.05-.05-.06-.07a.12.12 0 010-.07c0-.03.02-.05.06-.09L454.07 512l-287.7-287.7c-.04-.04-.05-.06-.06-.09a.12.12 0 010-.07c0-.02.02-.04.06-.08l57.7-57.69c.03-.04.05-.05.07-.06a.12.12 0 01.07 0c.03 0 .05.02.09.06L512 454.07l287.7-287.7c.04-.04.06-.05.09-.06a.12.12 0 01.07 0z"
                    />
                  </svg>
                </span>
              </span>
            </button>
            <div
              class="ant-modal-header"
            >
              <div
                class="ant-modal-title"
                id="test-id"
              >
                <div>
                  Fill Setting
                  <span
                    aria-label="question-circle"
                    class="anticon anticon-question-circle hint"
                    role="img"
                  >
                    <svg
                      aria-hidden="true"
                      data-icon="question-circle"
                      fill="currentColor"
                      focusable="false"
                      height="1em"
                      viewBox="64 64 896 896"
                      width="1em"
                    >
                      <path
                        d="M512 64C264.6 64 64 264.6 64 512s200.6 448 448 448 448-200.6 448-448S759.4 64 512 64zm0 820c-205.4 0-372-166.6-372-372s166.6-372 372-372 372 166.6 372 372-166.6 372-372 372z"
                      />
                      <path
                        d="M623.6 316.7C593.6 290.4 554 276 512 276s-81.6 14.5-111.6 40.7C369.2 344 352 380.7 352 420v7.6c0 4.4 3.6 8 8 8h48c4.4 0 8-3.6 8-8V420c0-44.1 43.1-80 96-80s96 35.9 96 80c0 31.1-22 59.6-56.1 72.7-21.2 8.1-39.2 22.3-52.1 40.9-13.1 19-19.9 41.8-19.9 64.9V620c0 4.4 3.6 8 8 8h48c4.4 0 8-3.6 8-8v-22.7a48.3 48.3 0 0130.9-44.8c59-22.7 97.1-74.7 97.1-132.5.1-39.3-17.1-76-48.3-103.3zM472 732a40 40 0 1080 0 40 40 0 10-80 0z"
                      />
                    </svg>
                  </span>
                </div>
              </div>
            </div>
            <div
              class="ant-modal-body"
            >
              <div
                class="container"
              >
                <div>
                  <span>
                    Fill Interval
                  </span>
                  <div>
                    MockUnitInput
                    <p>
                      min: 
                      0.0254
                    </p>
                    <p>
                      max: 
                      100
                    </p>
                    <p>
                      unit: 
                      mm
                    </p>
                    <p>
                      defaultValue: 
                      0.1
                    </p>
                    <p>
                      decimal: 
                      3
                    </p>
                    <p>
                      displayMultiValue: 
                      N
                    </p>
                    <input
                      data-testid="fillInterval"
                      id="fillInterval"
                      type="number"
                      value="0.1"
                    />
                  </div>
                </div>
                <div>
                  <span>
                    Fill Angle
                  </span>
                  <div>
                    MockUnitInput
                    <p>
                      min: 
                      -360
                    </p>
                    <p>
                      max: 
                      360
                    </p>
                    <p>
                      unit: 
                      deg
                    </p>
                    <p>
                      defaultValue: 
                      0
                    </p>
                    <p>
                      decimal: 
                      1
                    </p>
                    <p>
                      displayMultiValue: 
                      N
                    </p>
                    <input
                      data-testid="fillAngle"
                      id="fillAngle"
                      type="number"
                      value="0"
                    />
                  </div>
                </div>
                <div>
                  <label
                    for="biDirectional"
                  >
                    Bi-directional
                  </label>
                  <button
                    aria-checked="true"
                    class="ant-switch css-dev-only-do-not-override-hash ant-switch-checked"
                    id="biDirectional"
                    role="switch"
                    type="button"
                  >
                    <div
                      class="ant-switch-handle"
                    />
                    <span
                      class="ant-switch-inner"
                    >
                      <span
                        class="ant-switch-inner-checked"
                      />
                      <span
                        class="ant-switch-inner-unchecked"
                      />
                    </span>
                  </button>
                </div>
                <div>
                  <label
                    for="crossHatch"
                  >
                    Cross hatch
                  </label>
                  <button
                    aria-checked="false"
                    class="ant-switch css-dev-only-do-not-override-hash"
                    id="crossHatch"
                    role="switch"
                    type="button"
                  >
                    <div
                      class="ant-switch-handle"
                    />
                    <span
                      class="ant-switch-inner"
                    >
                      <span
                        class="ant-switch-inner-checked"
                      />
                      <span
                        class="ant-switch-inner-unchecked"
                      />
                    </span>
                  </button>
                </div>
              </div>
            </div>
            <div
              class="ant-modal-footer"
            >
              <button
                class="ant-btn css-dev-only-do-not-override-hash ant-btn-default"
                type="button"
              >
                <span>
                  Cancel
                </span>
              </button>
              <button
                class="ant-btn css-dev-only-do-not-override-hash ant-btn-primary"
                type="button"
              >
                <span>
                  Save
                </span>
              </button>
            </div>
          </div>
          <div
            aria-hidden="true"
            style="width: 0px; height: 0px; overflow: hidden; outline: none;"
            tabindex="0"
          />
        </div>
      </div>
    </div>
  </div>
</body>
`;
