// Jest Snapshot v1, https://goo.gl/fbAQLP

exports[`should render correctly submit through input 1`] = `
<div
  className="dxf-dpi-selector"
>
  <div
    className="caption"
  >
    Please enter the Unit of your file
    <br />
    1, 2.54, 25.4, 72, 96 etc.
  </div>
  <div
    className="message"
    style={
      {
        "textAlign": "center",
      }
    }
  >
    <input
      defaultValue={100}
      id="dpi-input"
      onClick={[Function]}
      onKeyDown={[Function]}
      style={
        {
          "padding": "3px 10px",
          "textAlign": "left",
          "width": "120px",
        }
      }
    />
  </div>
  <ButtonGroup
    buttons={
      [
        {
          "key": "cancel",
          "label": "Cancel",
          "onClick": [Function],
          "right": true,
        },
        {
          "className": "btn-default primary",
          "key": "ok",
          "label": "OK",
          "onClick": [Function],
          "right": true,
        },
      ]
    }
  />
</div>
`;
