// Jest Snapshot v1, https://goo.gl/fbAQLP

exports[`test Cut should render correctly 1`] = `
<body>
  <div />
  <div>
    <div
      class="ant-modal-root css-dev-only-do-not-override-hash"
    >
      <div
        class="ant-modal-mask"
      />
      <div
        class="ant-modal-wrap ant-modal-centered"
        tabindex="-1"
      >
        <div
          aria-labelledby="test-id"
          aria-modal="true"
          class="ant-modal css-dev-only-do-not-override-hash ant-zoom-appear ant-zoom-appear-prepare ant-zoom"
          role="dialog"
          style="width: 520px;"
        >
          <div
            aria-hidden="true"
            style="width: 0px; height: 0px; overflow: hidden; outline: none;"
            tabindex="0"
          />
          <div
            class="ant-modal-content"
          >
            <div
              class="ant-modal-header"
            >
              <div
                class="ant-modal-title"
                id="test-id"
              >
                tCut Calibration File
              </div>
            </div>
            <div
              class="ant-modal-body"
            >
              <div>
                Please put the material in the center of the workarea
              </div>
            </div>
            <div
              class="ant-modal-footer"
            >
              <button
                class="ant-btn css-dev-only-do-not-override-hash ant-btn-default"
                type="button"
              >
                <span>
                  back
                </span>
                
              </button>
              <button
                class="ant-btn css-dev-only-do-not-override-hash ant-btn-primary"
                type="button"
              >
                <span>
                  next
                </span>
                
              </button>
            </div>
          </div>
          <div
            aria-hidden="true"
            style="width: 0px; height: 0px; overflow: hidden; outline: none;"
            tabindex="0"
          />
        </div>
      </div>
    </div>
  </div>
</body>
`;
