// Jest Snapshot v1, https://goo.gl/fbAQLP

exports[`test PresetsList should render correctly 1`] = `
<div>
  <div
    class="ant-col ant-col-11 css-dev-only-do-not-override-hash"
  >
    <div
      class="title"
    >
      <strong>
        customized
        <button
          class="ant-btn css-dev-only-do-not-override-hash ant-btn-text"
          type="button"
        >
          <span
            aria-label="plus-circle"
            class="anticon anticon-plus-circle"
            role="img"
          >
            <svg
              aria-hidden="true"
              data-icon="plus-circle"
              fill="currentColor"
              focusable="false"
              height="1em"
              viewBox="64 64 896 896"
              width="1em"
            >
              <path
                d="M512 64C264.6 64 64 264.6 64 512s200.6 448 448 448 448-200.6 448-448S759.4 64 512 64zm192 472c0 4.4-3.6 8-8 8H544v152c0 4.4-3.6 8-8 8h-48c-4.4 0-8-3.6-8-8V544H328c-4.4 0-8-3.6-8-8v-48c0-4.4 3.6-8 8-8h152V328c0-4.4 3.6-8 8-8h48c4.4 0 8 3.6 8 8v152h152c4.4 0 8 3.6 8 8v48z"
              />
            </svg>
          </span>
          
        </button>
      </strong>
    </div>
    <div
      class="list"
      id="custom-config-list"
    >
      <div
        class="item selected"
        draggable="true"
      >
        <div
          class="name"
        >
          preset1
        </div>
        <span
          class="sub"
        >
          default
        </span>
      </div>
      <div
        class="item"
        draggable="true"
      >
        <div
          class="name"
        >
          preset2 *
        </div>
      </div>
    </div>
  </div>
</div>
`;
