// Jest Snapshot v1, https://goo.gl/fbAQLP

exports[`should render correctly 1`] = `
<Fragment>
  <div
    className="subtitle"
  >
    Workarea Clipping
  </div>
  <SelectControl
    id="set-mask"
    label="Workarea Clipping"
    onChange={[Function]}
    options={
      Array [
        Object {
          "label": "On",
          "selected": true,
          "value": "TRUE",
        },
        Object {
          "label": "Off",
          "selected": false,
          "value": "FALSE",
        },
      ]
    }
    url="https://support.flux3dp.com/hc/en-us/articles/360004408876"
  />
</Fragment>
`;
