// Jest Snapshot v1, https://goo.gl/fbAQLP

exports[`test DrawingToolButtonGroup should render correctly 1`] = `
<div>
  <div
    class="flux"
  >
    <div
      class="container active"
      id="left-Cursor"
      title="Select (V)"
    >
      <svgr-url />
    </div>
    <div
      class="container"
      id="left-Photo"
      title="Image (I)"
    >
      <svgr-url />
    </div>
    <div
      class="container"
      id="left-Text"
      title="Text (T)"
    >
      <svgr-url />
    </div>
    <div
      class="container"
      id="left-Element"
      title="Elements (E)"
    >
      <svgr-url />
    </div>
    <div
      class="container"
      id="left-Rectangle"
      title="Rectangle (M)"
    >
      <svgr-url />
    </div>
    <div
      class="container"
      id="left-Ellipse"
      title="Oval (L)"
    >
      <svgr-url />
    </div>
    <div
      class="container"
      id="left-Polygon"
      title="Polygon"
    >
      <svgr-url />
    </div>
    <div
      class="container"
      id="left-Line"
      title="Line (\\)"
    >
      <svgr-url />
    </div>
    <div
      class="container"
      id="left-Pen"
      title="Pen (P)"
    >
      <svgr-url />
    </div>
    <div
      class="container"
      id="left-Boxgen"
      title="Boxgen"
    >
      <svgr-url />
    </div>
    <div
      class="container"
      id="left-DM"
      title="Design Market"
    >
      <svgr-url />
    </div>
  </div>
</div>
`;

exports[`test DrawingToolButtonGroup should render correctly 2`] = `
<div>
  <div
    class="flux"
  >
    <div
      class="container"
      id="left-Cursor"
      title="Select (V)"
    >
      <svgr-url />
    </div>
    <div
      class="container active"
      id="left-Photo"
      title="Image (I)"
    >
      <svgr-url />
    </div>
    <div
      class="container"
      id="left-Text"
      title="Text (T)"
    >
      <svgr-url />
    </div>
    <div
      class="container"
      id="left-Element"
      title="Elements (E)"
    >
      <svgr-url />
    </div>
    <div
      class="container"
      id="left-Rectangle"
      title="Rectangle (M)"
    >
      <svgr-url />
    </div>
    <div
      class="container"
      id="left-Ellipse"
      title="Oval (L)"
    >
      <svgr-url />
    </div>
    <div
      class="container"
      id="left-Polygon"
      title="Polygon"
    >
      <svgr-url />
    </div>
    <div
      class="container"
      id="left-Line"
      title="Line (\\)"
    >
      <svgr-url />
    </div>
    <div
      class="container"
      id="left-Pen"
      title="Pen (P)"
    >
      <svgr-url />
    </div>
    <div
      class="container"
      id="left-Boxgen"
      title="Boxgen"
    >
      <svgr-url />
    </div>
    <div
      class="container"
      id="left-DM"
      title="Design Market"
    >
      <svgr-url />
    </div>
  </div>
</div>
`;

exports[`test DrawingToolButtonGroup should render correctly 3`] = `
<div>
  <div
    class="flux"
  >
    <div
      class="container"
      id="left-Cursor"
      title="Select (V)"
    >
      <svgr-url />
    </div>
    <div
      class="container"
      id="left-Photo"
      title="Image (I)"
    >
      <svgr-url />
    </div>
    <div
      class="container active"
      id="left-Text"
      title="Text (T)"
    >
      <svgr-url />
    </div>
    <div
      class="container"
      id="left-Element"
      title="Elements (E)"
    >
      <svgr-url />
    </div>
    <div
      class="container"
      id="left-Rectangle"
      title="Rectangle (M)"
    >
      <svgr-url />
    </div>
    <div
      class="container"
      id="left-Ellipse"
      title="Oval (L)"
    >
      <svgr-url />
    </div>
    <div
      class="container"
      id="left-Polygon"
      title="Polygon"
    >
      <svgr-url />
    </div>
    <div
      class="container"
      id="left-Line"
      title="Line (\\)"
    >
      <svgr-url />
    </div>
    <div
      class="container"
      id="left-Pen"
      title="Pen (P)"
    >
      <svgr-url />
    </div>
    <div
      class="container"
      id="left-Boxgen"
      title="Boxgen"
    >
      <svgr-url />
    </div>
    <div
      class="container"
      id="left-DM"
      title="Design Market"
    >
      <svgr-url />
    </div>
  </div>
</div>
`;

exports[`test DrawingToolButtonGroup should render correctly 4`] = `
<div>
  <div
    class="flux"
  >
    <div
      class="container"
      id="left-Cursor"
      title="Select (V)"
    >
      <svgr-url />
    </div>
    <div
      class="container"
      id="left-Photo"
      title="Image (I)"
    >
      <svgr-url />
    </div>
    <div
      class="container"
      id="left-Text"
      title="Text (T)"
    >
      <svgr-url />
    </div>
    <div
      class="container"
      id="left-Element"
      title="Elements (E)"
    >
      <svgr-url />
    </div>
    <div
      class="container active"
      id="left-Rectangle"
      title="Rectangle (M)"
    >
      <svgr-url />
    </div>
    <div
      class="container"
      id="left-Ellipse"
      title="Oval (L)"
    >
      <svgr-url />
    </div>
    <div
      class="container"
      id="left-Polygon"
      title="Polygon"
    >
      <svgr-url />
    </div>
    <div
      class="container"
      id="left-Line"
      title="Line (\\)"
    >
      <svgr-url />
    </div>
    <div
      class="container"
      id="left-Pen"
      title="Pen (P)"
    >
      <svgr-url />
    </div>
    <div
      class="container"
      id="left-Boxgen"
      title="Boxgen"
    >
      <svgr-url />
    </div>
    <div
      class="container"
      id="left-DM"
      title="Design Market"
    >
      <svgr-url />
    </div>
  </div>
</div>
`;

exports[`test DrawingToolButtonGroup should render correctly 5`] = `
<div>
  <div
    class="flux"
  >
    <div
      class="container"
      id="left-Cursor"
      title="Select (V)"
    >
      <svgr-url />
    </div>
    <div
      class="container"
      id="left-Photo"
      title="Image (I)"
    >
      <svgr-url />
    </div>
    <div
      class="container"
      id="left-Text"
      title="Text (T)"
    >
      <svgr-url />
    </div>
    <div
      class="container"
      id="left-Element"
      title="Elements (E)"
    >
      <svgr-url />
    </div>
    <div
      class="container"
      id="left-Rectangle"
      title="Rectangle (M)"
    >
      <svgr-url />
    </div>
    <div
      class="container active"
      id="left-Ellipse"
      title="Oval (L)"
    >
      <svgr-url />
    </div>
    <div
      class="container"
      id="left-Polygon"
      title="Polygon"
    >
      <svgr-url />
    </div>
    <div
      class="container"
      id="left-Line"
      title="Line (\\)"
    >
      <svgr-url />
    </div>
    <div
      class="container"
      id="left-Pen"
      title="Pen (P)"
    >
      <svgr-url />
    </div>
    <div
      class="container"
      id="left-Boxgen"
      title="Boxgen"
    >
      <svgr-url />
    </div>
    <div
      class="container"
      id="left-DM"
      title="Design Market"
    >
      <svgr-url />
    </div>
  </div>
</div>
`;

exports[`test DrawingToolButtonGroup should render correctly 6`] = `
<div>
  <div
    class="flux"
  >
    <div
      class="container"
      id="left-Cursor"
      title="Select (V)"
    >
      <svgr-url />
    </div>
    <div
      class="container"
      id="left-Photo"
      title="Image (I)"
    >
      <svgr-url />
    </div>
    <div
      class="container"
      id="left-Text"
      title="Text (T)"
    >
      <svgr-url />
    </div>
    <div
      class="container"
      id="left-Element"
      title="Elements (E)"
    >
      <svgr-url />
    </div>
    <div
      class="container"
      id="left-Rectangle"
      title="Rectangle (M)"
    >
      <svgr-url />
    </div>
    <div
      class="container"
      id="left-Ellipse"
      title="Oval (L)"
    >
      <svgr-url />
    </div>
    <div
      class="container active"
      id="left-Polygon"
      title="Polygon"
    >
      <svgr-url />
    </div>
    <div
      class="container"
      id="left-Line"
      title="Line (\\)"
    >
      <svgr-url />
    </div>
    <div
      class="container"
      id="left-Pen"
      title="Pen (P)"
    >
      <svgr-url />
    </div>
    <div
      class="container"
      id="left-Boxgen"
      title="Boxgen"
    >
      <svgr-url />
    </div>
    <div
      class="container"
      id="left-DM"
      title="Design Market"
    >
      <svgr-url />
    </div>
  </div>
</div>
`;

exports[`test DrawingToolButtonGroup should render correctly 7`] = `
<div>
  <div
    class="flux"
  >
    <div
      class="container"
      id="left-Cursor"
      title="Select (V)"
    >
      <svgr-url />
    </div>
    <div
      class="container"
      id="left-Photo"
      title="Image (I)"
    >
      <svgr-url />
    </div>
    <div
      class="container"
      id="left-Text"
      title="Text (T)"
    >
      <svgr-url />
    </div>
    <div
      class="container"
      id="left-Element"
      title="Elements (E)"
    >
      <svgr-url />
    </div>
    <div
      class="container"
      id="left-Rectangle"
      title="Rectangle (M)"
    >
      <svgr-url />
    </div>
    <div
      class="container"
      id="left-Ellipse"
      title="Oval (L)"
    >
      <svgr-url />
    </div>
    <div
      class="container"
      id="left-Polygon"
      title="Polygon"
    >
      <svgr-url />
    </div>
    <div
      class="container active"
      id="left-Line"
      title="Line (\\)"
    >
      <svgr-url />
    </div>
    <div
      class="container"
      id="left-Pen"
      title="Pen (P)"
    >
      <svgr-url />
    </div>
    <div
      class="container"
      id="left-Boxgen"
      title="Boxgen"
    >
      <svgr-url />
    </div>
    <div
      class="container"
      id="left-DM"
      title="Design Market"
    >
      <svgr-url />
    </div>
  </div>
</div>
`;

exports[`test DrawingToolButtonGroup should render correctly 8`] = `
<div>
  <div
    class="flux"
  >
    <div
      class="container"
      id="left-Cursor"
      title="Select (V)"
    >
      <svgr-url />
    </div>
    <div
      class="container"
      id="left-Photo"
      title="Image (I)"
    >
      <svgr-url />
    </div>
    <div
      class="container"
      id="left-Text"
      title="Text (T)"
    >
      <svgr-url />
    </div>
    <div
      class="container active"
      id="left-Element"
      title="Elements (E)"
    >
      <svgr-url />
    </div>
    <div
      class="container"
      id="left-Rectangle"
      title="Rectangle (M)"
    >
      <svgr-url />
    </div>
    <div
      class="container"
      id="left-Ellipse"
      title="Oval (L)"
    >
      <svgr-url />
    </div>
    <div
      class="container"
      id="left-Polygon"
      title="Polygon"
    >
      <svgr-url />
    </div>
    <div
      class="container"
      id="left-Line"
      title="Line (\\)"
    >
      <svgr-url />
    </div>
    <div
      class="container"
      id="left-Pen"
      title="Pen (P)"
    >
      <svgr-url />
    </div>
    <div
      class="container"
      id="left-Boxgen"
      title="Boxgen"
    >
      <svgr-url />
    </div>
    <div
      class="container"
      id="left-DM"
      title="Design Market"
    >
      <svgr-url />
    </div>
  </div>
</div>
`;

exports[`test DrawingToolButtonGroup should render correctly 9`] = `
<div>
  <div
    class="flux"
  >
    <div
      class="container"
      id="left-Cursor"
      title="Select (V)"
    >
      <svgr-url />
    </div>
    <div
      class="container"
      id="left-Photo"
      title="Image (I)"
    >
      <svgr-url />
    </div>
    <div
      class="container"
      id="left-Text"
      title="Text (T)"
    >
      <svgr-url />
    </div>
    <div
      class="container"
      id="left-Element"
      title="Elements (E)"
    >
      <svgr-url />
    </div>
    <div
      class="container"
      id="left-Rectangle"
      title="Rectangle (M)"
    >
      <svgr-url />
    </div>
    <div
      class="container"
      id="left-Ellipse"
      title="Oval (L)"
    >
      <svgr-url />
    </div>
    <div
      class="container"
      id="left-Polygon"
      title="Polygon"
    >
      <svgr-url />
    </div>
    <div
      class="container"
      id="left-Line"
      title="Line (\\)"
    >
      <svgr-url />
    </div>
    <div
      class="container active"
      id="left-Pen"
      title="Pen (P)"
    >
      <svgr-url />
    </div>
    <div
      class="container"
      id="left-Boxgen"
      title="Boxgen"
    >
      <svgr-url />
    </div>
    <div
      class="container"
      id="left-DM"
      title="Design Market"
    >
      <svgr-url />
    </div>
  </div>
</div>
`;

exports[`test DrawingToolButtonGroup should render correctly 10`] = `
<div>
  <div
    class="flux"
  >
    <div
      class="container active"
      id="left-Cursor"
      title="Select (V)"
    >
      <svgr-url />
    </div>
    <div
      class="container"
      id="left-Photo"
      title="Image (I)"
    >
      <svgr-url />
    </div>
    <div
      class="container"
      id="left-Text"
      title="Text (T)"
    >
      <svgr-url />
    </div>
    <div
      class="container"
      id="left-Element"
      title="Elements (E)"
    >
      <svgr-url />
    </div>
    <div
      class="container"
      id="left-Rectangle"
      title="Rectangle (M)"
    >
      <svgr-url />
    </div>
    <div
      class="container"
      id="left-Ellipse"
      title="Oval (L)"
    >
      <svgr-url />
    </div>
    <div
      class="container"
      id="left-Polygon"
      title="Polygon"
    >
      <svgr-url />
    </div>
    <div
      class="container"
      id="left-Line"
      title="Line (\\)"
    >
      <svgr-url />
    </div>
    <div
      class="container"
      id="left-Pen"
      title="Pen (P)"
    >
      <svgr-url />
    </div>
    <div
      class="container"
      id="left-Boxgen"
      title="Boxgen"
    >
      <svgr-url />
    </div>
    <div
      class="container"
      id="left-DM"
      title="Design Market"
    >
      <svgr-url />
    </div>
  </div>
</div>
`;

exports[`test DrawingToolButtonGroup should render correctly 11`] = `
<div>
  <div
    class="flux"
  >
    <div
      class="container"
      id="left-Cursor"
      title="Select (V)"
    >
      <svgr-url />
    </div>
    <div
      class="container"
      id="left-Photo"
      title="Image (I)"
    >
      <svgr-url />
    </div>
    <div
      class="container"
      id="left-Text"
      title="Text (T)"
    >
      <svgr-url />
    </div>
    <div
      class="container"
      id="left-Element"
      title="Elements (E)"
    >
      <svgr-url />
    </div>
    <div
      class="container"
      id="left-Rectangle"
      title="Rectangle (M)"
    >
      <svgr-url />
    </div>
    <div
      class="container"
      id="left-Ellipse"
      title="Oval (L)"
    >
      <svgr-url />
    </div>
    <div
      class="container"
      id="left-Polygon"
      title="Polygon"
    >
      <svgr-url />
    </div>
    <div
      class="container"
      id="left-Line"
      title="Line (\\)"
    >
      <svgr-url />
    </div>
    <div
      class="container"
      id="left-Pen"
      title="Pen (P)"
    >
      <svgr-url />
    </div>
    <div
      class="container"
      id="left-Boxgen"
      title="Boxgen"
    >
      <svgr-url />
    </div>
    <div
      class="container active"
      id="left-DM"
      title="Design Market"
    >
      <svgr-url />
    </div>
  </div>
</div>
`;

exports[`test DrawingToolButtonGroup should render correctly 12`] = `
<div>
  <div
    class="flux"
  >
    <div
      class="container"
      id="left-Cursor"
      title="Select (V)"
    >
      <svgr-url />
    </div>
    <div
      class="container"
      id="left-Photo"
      title="Image (I)"
    >
      <svgr-url />
    </div>
    <div
      class="container"
      id="left-Text"
      title="Text (T)"
    >
      <svgr-url />
    </div>
    <div
      class="container"
      id="left-Element"
      title="Elements (E)"
    >
      <svgr-url />
    </div>
    <div
      class="container"
      id="left-Rectangle"
      title="Rectangle (M)"
    >
      <svgr-url />
    </div>
    <div
      class="container"
      id="left-Ellipse"
      title="Oval (L)"
    >
      <svgr-url />
    </div>
    <div
      class="container"
      id="left-Polygon"
      title="Polygon"
    >
      <svgr-url />
    </div>
    <div
      class="container"
      id="left-Line"
      title="Line (\\)"
    >
      <svgr-url />
    </div>
    <div
      class="container"
      id="left-Pen"
      title="Pen (P)"
    >
      <svgr-url />
    </div>
    <div
      class="container active"
      id="left-Boxgen"
      title="Boxgen"
    >
      <svgr-url />
    </div>
    <div
      class="container"
      id="left-DM"
      title="Design Market"
    >
      <svgr-url />
    </div>
  </div>
</div>
`;
