// Jest Snapshot v1, https://goo.gl/fbAQLP

exports[`test AddLayerButton should render correctly 1`] = `
<div>
  <button
    class="btn"
    type="button"
  >
    <div
      class="bar bar1"
    />
    <div
      class="bar bar2"
    />
    <div
      class="bar bar3"
    />
  </button>
</div>
`;
